📦 패키지 설치 중: google-generativeai...
📦 패키지 설치 중: google-generativeai...
📦 패키지 설치 중: google-generativeai...
📦 패키지 설치 중: google-generativeai...
📦 패키지 설치 중: google-generativeai...
📦 패키지 설치 중: google-generativeai...
📦 패키지 설치 중: google-generativeai...
📦 패키지 설치 중: google-generativeai...
📦 패키지 설치 중: google-generativeai...
📦 패키지 설치 중: google-generativeai...
📦 패키지 설치 중: google-generativeai...
📦 패키지 설치 중: google-generativeai...
📦 패키지 설치 중: google-generativeai...
📦 패키지 설치 중: google-generativeai...
📦 패키지 설치 중: google-generativeai...
📦 패키지 설치 중: google-generativeai...
📦 패키지 설치 중: google-generativeai...
📦 패키지 설치 중: google-generativeai...
📦 패키지 설치 중: google-generativeai...
📦 패키지 설치 중: google-generativeai...
📦 패키지 설치 중: google-generativeai...
📦 패키지 설치 중: google-generativeai...
📦 패키지 설치 중: google-generativeai...
📦 패키지 설치 중: google-generativeai...
📦 패키지 설치 중: google-generativeai...
📦 패키지 설치 중: google-generativeai...
📦 패키지 설치 중: google-generativeai...
📦 패키지 설치 중: google-generativeai...
📦 패키지 설치 중: google-generativeai...
Requirement already satisfied: google-generativeai in /opt/homebrew/lib/python3.14/site-packages (0.8.6)
Requirement already satisfied: google-ai-generativelanguage==0.6.15 in /opt/homebrew/lib/python3.14/site-packages (from google-generativeai) (0.6.15)
Requirement already satisfied: google-api-core in /opt/homebrew/lib/python3.14/site-packages (from google-generativeai) (2.25.2)
Requirement already satisfied: google-api-python-client in /opt/homebrew/lib/python3.14/site-packages (from google-generativeai) (2.195.0)
Requirement already satisfied: google-auth>=2.15.0 in /opt/homebrew/lib/python3.14/site-packages (from google-generativeai) (2.50.0)
Requirement already satisfied: protobuf in /opt/homebrew/lib/python3.14/site-packages (from google-generativeai) (5.29.6)
Requirement already satisfied: pydantic in /opt/homebrew/lib/python3.14/site-packages (from google-generativeai) (2.13.3)
Requirement already satisfied: tqdm in /opt/homebrew/lib/python3.14/site-packages (from google-generativeai) (4.67.3)
Requirement already satisfied: typing-extensions in /opt/homebrew/lib/python3.14/site-packages (from google-generativeai) (4.15.0)
Requirement already satisfied: proto-plus<2.0.0dev,>=1.22.3 in /opt/homebrew/lib/python3.14/site-packages (from google-ai-generativelanguage==0.6.15->google-generativeai) (1.27.2)
Requirement already satisfied: googleapis-common-protos<2.0.0,>=1.56.2 in /opt/homebrew/lib/python3.14/site-packages (from google-api-core->google-generativeai) (1.74.0)
Requirement already satisfied: requests<3.0.0,>=2.18.0 in /opt/homebrew/lib/python3.14/site-packages (from google-api-core->google-generativeai) (2.33.1)
Requirement already satisfied: grpcio<2.0.0,>=1.33.2 in /opt/homebrew/lib/python3.14/site-packages (from google-api-core[grpc]!=2.0.*,!=2.1.*,!=2.10.*,!=2.2.*,!=2.3.*,!=2.4.*,!=2.5.*,!=2.6.*,!=2.7.*,!=2.8.*,!=2.9.*,<3.0.0dev,>=1.34.1->google-ai-generativelanguage==0.6.15->google-generativeai) (1.80.0)
Requirement already satisfied: grpcio-status<2.0.0,>=1.33.2 in /opt/homebrew/lib/python3.14/site-packages (from google-api-core[grpc]!=2.0.*,!=2.1.*,!=2.10.*,!=2.2.*,!=2.3.*,!=2.4.*,!=2.5.*,!=2.6.*,!=2.7.*,!=2.8.*,!=2.9.*,<3.0.0dev,>=1.34.1->google-ai-generativelanguage==0.6.15->google-generativeai) (1.71.2)
Requirement already satisfied: pyasn1-modules>=0.2.1 in /opt/homebrew/lib/python3.14/site-packages (from google-auth>=2.15.0->google-generativeai) (0.4.2)
Requirement already satisfied: cryptography>=38.0.3 in /opt/homebrew/lib/python3.14/site-packages (from google-auth>=2.15.0->google-generativeai) (47.0.0)
Requirement already satisfied: charset_normalizer<4,>=2 in /opt/homebrew/lib/python3.14/site-packages (from requests<3.0.0,>=2.18.0->google-api-core->google-generativeai) (3.4.7)
Requirement already satisfied: idna<4,>=2.5 in /opt/homebrew/lib/python3.14/site-packages (from requests<3.0.0,>=2.18.0->google-api-core->google-generativeai) (3.13)
Requirement already satisfied: urllib3<3,>=1.26 in /opt/homebrew/lib/python3.14/site-packages (from requests<3.0.0,>=2.18.0->google-api-core->google-generativeai) (2.6.3)
Requirement already satisfied: certifi>=2023.5.7 in /opt/homebrew/lib/python3.14/site-packages (from requests<3.0.0,>=2.18.0->google-api-core->google-generativeai) (2026.4.22)
Requirement already satisfied: cffi>=2.0.0 in /opt/homebrew/lib/python3.14/site-packages (from cryptography>=38.0.3->google-auth>=2.15.0->google-generativeai) (2.0.0)
Requirement already satisfied: pycparser in /opt/homebrew/lib/python3.14/site-packages (from cffi>=2.0.0->cryptography>=38.0.3->google-auth>=2.15.0->google-generativeai) (3.0)
Requirement already satisfied: pyasn1<0.7.0,>=0.6.1 in /opt/homebrew/lib/python3.14/site-packages (from pyasn1-modules>=0.2.1->google-auth>=2.15.0->google-generativeai) (0.6.3)
Requirement already satisfied: httplib2<1.0.0,>=0.19.0 in /opt/homebrew/lib/python3.14/site-packages (from google-api-python-client->google-generativeai) (0.31.2)
Requirement already satisfied: google-auth-httplib2<1.0.0,>=0.2.0 in /opt/homebrew/lib/python3.14/site-packages (from google-api-python-client->google-generativeai) (0.3.1)
Requirement already satisfied: uritemplate<5,>=3.0.1 in /opt/homebrew/lib/python3.14/site-packages (from google-api-python-client->google-generativeai) (4.2.0)
Requirement already satisfied: pyparsing<4,>=3.1 in /opt/homebrew/lib/python3.14/site-packages (from httplib2<1.0.0,>=0.19.0->google-api-python-client->google-generativeai) (3.3.2)
Requirement already satisfied: annotated-types>=0.6.0 in /opt/homebrew/lib/python3.14/site-packages (from pydantic->google-generativeai) (0.7.0)
Requirement already satisfied: pydantic-core==2.46.3 in /opt/homebrew/lib/python3.14/site-packages (from pydantic->google-generativeai) (2.46.3)
Requirement already satisfied: typing-inspection>=0.4.2 in /opt/homebrew/lib/python3.14/site-packages (from pydantic->google-generativeai) (0.4.2)
Requirement already satisfied: python-dotenv in /opt/homebrew/lib/python3.14/site-packages (1.2.2)
📦 패키지 설치 중: google-generativeai...
Requirement already satisfied: google-generativeai in /opt/homebrew/lib/python3.14/site-packages (0.8.6)
Requirement already satisfied: google-ai-generativelanguage==0.6.15 in /opt/homebrew/lib/python3.14/site-packages (from google-generativeai) (0.6.15)
Requirement already satisfied: google-api-core in /opt/homebrew/lib/python3.14/site-packages (from google-generativeai) (2.25.2)
Requirement already satisfied: google-api-python-client in /opt/homebrew/lib/python3.14/site-packages (from google-generativeai) (2.195.0)
Requirement already satisfied: google-auth>=2.15.0 in /opt/homebrew/lib/python3.14/site-packages (from google-generativeai) (2.50.0)
Requirement already satisfied: protobuf in /opt/homebrew/lib/python3.14/site-packages (from google-generativeai) (5.29.6)
Requirement already satisfied: pydantic in /opt/homebrew/lib/python3.14/site-packages (from google-generativeai) (2.13.3)
Requirement already satisfied: tqdm in /opt/homebrew/lib/python3.14/site-packages (from google-generativeai) (4.67.3)
Requirement already satisfied: typing-extensions in /opt/homebrew/lib/python3.14/site-packages (from google-generativeai) (4.15.0)
Requirement already satisfied: proto-plus<2.0.0dev,>=1.22.3 in /opt/homebrew/lib/python3.14/site-packages (from google-ai-generativelanguage==0.6.15->google-generativeai) (1.27.2)
Requirement already satisfied: googleapis-common-protos<2.0.0,>=1.56.2 in /opt/homebrew/lib/python3.14/site-packages (from google-api-core->google-generativeai) (1.74.0)
Requirement already satisfied: requests<3.0.0,>=2.18.0 in /opt/homebrew/lib/python3.14/site-packages (from google-api-core->google-generativeai) (2.33.1)
Requirement already satisfied: grpcio<2.0.0,>=1.33.2 in /opt/homebrew/lib/python3.14/site-packages (from google-api-core[grpc]!=2.0.*,!=2.1.*,!=2.10.*,!=2.2.*,!=2.3.*,!=2.4.*,!=2.5.*,!=2.6.*,!=2.7.*,!=2.8.*,!=2.9.*,<3.0.0dev,>=1.34.1->google-ai-generativelanguage==0.6.15->google-generativeai) (1.80.0)
Requirement already satisfied: grpcio-status<2.0.0,>=1.33.2 in /opt/homebrew/lib/python3.14/site-packages (from google-api-core[grpc]!=2.0.*,!=2.1.*,!=2.10.*,!=2.2.*,!=2.3.*,!=2.4.*,!=2.5.*,!=2.6.*,!=2.7.*,!=2.8.*,!=2.9.*,<3.0.0dev,>=1.34.1->google-ai-generativelanguage==0.6.15->google-generativeai) (1.71.2)
Requirement already satisfied: pyasn1-modules>=0.2.1 in /opt/homebrew/lib/python3.14/site-packages (from google-auth>=2.15.0->google-generativeai) (0.4.2)
Requirement already satisfied: cryptography>=38.0.3 in /opt/homebrew/lib/python3.14/site-packages (from google-auth>=2.15.0->google-generativeai) (47.0.0)
Requirement already satisfied: charset_normalizer<4,>=2 in /opt/homebrew/lib/python3.14/site-packages (from requests<3.0.0,>=2.18.0->google-api-core->google-generativeai) (3.4.7)
Requirement already satisfied: idna<4,>=2.5 in /opt/homebrew/lib/python3.14/site-packages (from requests<3.0.0,>=2.18.0->google-api-core->google-generativeai) (3.13)
Requirement already satisfied: urllib3<3,>=1.26 in /opt/homebrew/lib/python3.14/site-packages (from requests<3.0.0,>=2.18.0->google-api-core->google-generativeai) (2.6.3)
Requirement already satisfied: certifi>=2023.5.7 in /opt/homebrew/lib/python3.14/site-packages (from requests<3.0.0,>=2.18.0->google-api-core->google-generativeai) (2026.4.22)
Requirement already satisfied: cffi>=2.0.0 in /opt/homebrew/lib/python3.14/site-packages (from cryptography>=38.0.3->google-auth>=2.15.0->google-generativeai) (2.0.0)
Requirement already satisfied: pycparser in /opt/homebrew/lib/python3.14/site-packages (from cffi>=2.0.0->cryptography>=38.0.3->google-auth>=2.15.0->google-generativeai) (3.0)
Requirement already satisfied: pyasn1<0.7.0,>=0.6.1 in /opt/homebrew/lib/python3.14/site-packages (from pyasn1-modules>=0.2.1->google-auth>=2.15.0->google-generativeai) (0.6.3)
Requirement already satisfied: httplib2<1.0.0,>=0.19.0 in /opt/homebrew/lib/python3.14/site-packages (from google-api-python-client->google-generativeai) (0.31.2)
Requirement already satisfied: google-auth-httplib2<1.0.0,>=0.2.0 in /opt/homebrew/lib/python3.14/site-packages (from google-api-python-client->google-generativeai) (0.3.1)
Requirement already satisfied: uritemplate<5,>=3.0.1 in /opt/homebrew/lib/python3.14/site-packages (from google-api-python-client->google-generativeai) (4.2.0)
Requirement already satisfied: pyparsing<4,>=3.1 in /opt/homebrew/lib/python3.14/site-packages (from httplib2<1.0.0,>=0.19.0->google-api-python-client->google-generativeai) (3.3.2)
Requirement already satisfied: annotated-types>=0.6.0 in /opt/homebrew/lib/python3.14/site-packages (from pydantic->google-generativeai) (0.7.0)
Requirement already satisfied: pydantic-core==2.46.3 in /opt/homebrew/lib/python3.14/site-packages (from pydantic->google-generativeai) (2.46.3)
Requirement already satisfied: typing-inspection>=0.4.2 in /opt/homebrew/lib/python3.14/site-packages (from pydantic->google-generativeai) (0.4.2)
📦 패키지 설치 중: python-dotenv...
Requirement already satisfied: python-dotenv in /opt/homebrew/lib/python3.14/site-packages (1.2.2)
🤖 [P-Reinforce]: 👀 '내 지식 쌓이는곳' 감시 서비스가 시작되었습니다. (5초 간격 폴링)
🤖 [P-Reinforce]: 📍 감시 폴더: /Users/seopro/위키에이전트/내 지식 쌓이는곳
🤖 [P-Reinforce]: 📂 '내 지식 쌓이는곳'에서 새 파일 1개 발견!
🤖 [P-Reinforce]: 🚚 파일 이동 완료: 테스트지식.txt -> 00_Raw/2026-05-31/테스트지식.txt
🤖 [P-Reinforce]: 🔄 지식 구조화 엔진(P-Reinforce)을 트리거합니다...
🤖 [P-Reinforce]: 지식 강화 프로세스를 시작합니다...
🤖 [P-Reinforce]: 발견된 새 파일 개수: 1개
🤖 [P-Reinforce]: 📄 처리 중: 테스트지식.txt
🤖 [P-Reinforce]: Graph.json 업데이트 완료.
🤖 [P-Reinforce]: Index.md 업데이트 완료.
🤖 [P-Reinforce]: 💾 Git Commit 완료. 해시: 0d1c009dfa9672da373191975fae69afc6bc46e6
🤖 [P-Reinforce]: ✅ 완료: 재개발_아파트_투자_전략 -> 10_Wiki/Topics/부동산/재개발/재개발_아파트_투자_전략.md
🤖 [P-Reinforce]: 폴더 트리 재구조화(12개 초과 여부) 점검 중...
🤖 [P-Reinforce]: 🔄 재구조화 또는 메타데이터 변경 사항을 추가 커밋합니다...
📦 패키지 설치 중: google-generativeai...
Requirement already satisfied: google-generativeai in /opt/homebrew/Caskroom/miniforge/base/lib/python3.13/site-packages (0.8.6)
Requirement already satisfied: google-ai-generativelanguage==0.6.15 in /opt/homebrew/Caskroom/miniforge/base/lib/python3.13/site-packages (from google-generativeai) (0.6.15)
Requirement already satisfied: google-api-core in /opt/homebrew/Caskroom/miniforge/base/lib/python3.13/site-packages (from google-generativeai) (2.29.0)
Requirement already satisfied: google-api-python-client in /opt/homebrew/Caskroom/miniforge/base/lib/python3.13/site-packages (from google-generativeai) (2.188.0)
Requirement already satisfied: google-auth>=2.15.0 in /opt/homebrew/Caskroom/miniforge/base/lib/python3.13/site-packages (from google-generativeai) (2.48.0)
Requirement already satisfied: protobuf in /opt/homebrew/Caskroom/miniforge/base/lib/python3.13/site-packages (from google-generativeai) (5.29.6)
Requirement already satisfied: pydantic in /opt/homebrew/Caskroom/miniforge/base/lib/python3.13/site-packages (from google-generativeai) (2.12.5)
Requirement already satisfied: tqdm in /opt/homebrew/Caskroom/miniforge/base/lib/python3.13/site-packages (from google-generativeai) (4.67.3)
Requirement already satisfied: typing-extensions in /opt/homebrew/Caskroom/miniforge/base/lib/python3.13/site-packages (from google-generativeai) (4.15.0)
Requirement already satisfied: proto-plus<2.0.0dev,>=1.22.3 in /opt/homebrew/Caskroom/miniforge/base/lib/python3.13/site-packages (from google-ai-generativelanguage==0.6.15->google-generativeai) (1.27.1)
Requirement already satisfied: googleapis-common-protos<2.0.0,>=1.56.2 in /opt/homebrew/Caskroom/miniforge/base/lib/python3.13/site-packages (from google-api-core->google-generativeai) (1.73.0)
Requirement already satisfied: requests<3.0.0,>=2.18.0 in /opt/homebrew/Caskroom/miniforge/base/lib/python3.13/site-packages (from google-api-core->google-generativeai) (2.33.0)
Requirement already satisfied: grpcio<2.0.0,>=1.33.2 in /opt/homebrew/Caskroom/miniforge/base/lib/python3.13/site-packages (from google-api-core[grpc]!=2.0.*,!=2.1.*,!=2.10.*,!=2.2.*,!=2.3.*,!=2.4.*,!=2.5.*,!=2.6.*,!=2.7.*,!=2.8.*,!=2.9.*,<3.0.0dev,>=1.34.1->google-ai-generativelanguage==0.6.15->google-generativeai) (1.78.0)
Requirement already satisfied: grpcio-status<2.0.0,>=1.33.2 in /opt/homebrew/Caskroom/miniforge/base/lib/python3.13/site-packages (from google-api-core[grpc]!=2.0.*,!=2.1.*,!=2.10.*,!=2.2.*,!=2.3.*,!=2.4.*,!=2.5.*,!=2.6.*,!=2.7.*,!=2.8.*,!=2.9.*,<3.0.0dev,>=1.34.1->google-ai-generativelanguage==0.6.15->google-generativeai) (1.71.2)
Requirement already satisfied: pyasn1-modules>=0.2.1 in /opt/homebrew/Caskroom/miniforge/base/lib/python3.13/site-packages (from google-auth>=2.15.0->google-generativeai) (0.4.2)
Requirement already satisfied: cryptography>=38.0.3 in /opt/homebrew/Caskroom/miniforge/base/lib/python3.13/site-packages (from google-auth>=2.15.0->google-generativeai) (46.0.5)
Requirement already satisfied: rsa<5,>=3.1.4 in /opt/homebrew/Caskroom/miniforge/base/lib/python3.13/site-packages (from google-auth>=2.15.0->google-generativeai) (4.9.1)
Requirement already satisfied: charset_normalizer<4,>=2 in /opt/homebrew/Caskroom/miniforge/base/lib/python3.13/site-packages (from requests<3.0.0,>=2.18.0->google-api-core->google-generativeai) (3.4.4)
Requirement already satisfied: idna<4,>=2.5 in /opt/homebrew/Caskroom/miniforge/base/lib/python3.13/site-packages (from requests<3.0.0,>=2.18.0->google-api-core->google-generativeai) (3.11)
Requirement already satisfied: urllib3<3,>=1.26 in /opt/homebrew/Caskroom/miniforge/base/lib/python3.13/site-packages (from requests<3.0.0,>=2.18.0->google-api-core->google-generativeai) (2.6.3)
Requirement already satisfied: certifi>=2023.5.7 in /opt/homebrew/Caskroom/miniforge/base/lib/python3.13/site-packages (from requests<3.0.0,>=2.18.0->google-api-core->google-generativeai) (2026.1.4)
Requirement already satisfied: pyasn1>=0.1.3 in /opt/homebrew/Caskroom/miniforge/base/lib/python3.13/site-packages (from rsa<5,>=3.1.4->google-auth>=2.15.0->google-generativeai) (0.6.2)
Requirement already satisfied: cffi>=2.0.0 in /opt/homebrew/Caskroom/miniforge/base/lib/python3.13/site-packages (from cryptography>=38.0.3->google-auth>=2.15.0->google-generativeai) (2.0.0)
Requirement already satisfied: pycparser in /opt/homebrew/Caskroom/miniforge/base/lib/python3.13/site-packages (from cffi>=2.0.0->cryptography>=38.0.3->google-auth>=2.15.0->google-generativeai) (2.22)
Requirement already satisfied: httplib2<1.0.0,>=0.19.0 in /opt/homebrew/Caskroom/miniforge/base/lib/python3.13/site-packages (from google-api-python-client->google-generativeai) (0.31.2)
Requirement already satisfied: google-auth-httplib2<1.0.0,>=0.2.0 in /opt/homebrew/Caskroom/miniforge/base/lib/python3.13/site-packages (from google-api-python-client->google-generativeai) (0.3.0)
Requirement already satisfied: uritemplate<5,>=3.0.1 in /opt/homebrew/Caskroom/miniforge/base/lib/python3.13/site-packages (from google-api-python-client->google-generativeai) (4.2.0)
Requirement already satisfied: pyparsing<4,>=3.1 in /opt/homebrew/Caskroom/miniforge/base/lib/python3.13/site-packages (from httplib2<1.0.0,>=0.19.0->google-api-python-client->google-generativeai) (3.3.2)
Requirement already satisfied: annotated-types>=0.6.0 in /opt/homebrew/Caskroom/miniforge/base/lib/python3.13/site-packages (from pydantic->google-generativeai) (0.7.0)
Requirement already satisfied: pydantic-core==2.41.5 in /opt/homebrew/Caskroom/miniforge/base/lib/python3.13/site-packages (from pydantic->google-generativeai) (2.41.5)
Requirement already satisfied: typing-inspection>=0.4.2 in /opt/homebrew/Caskroom/miniforge/base/lib/python3.13/site-packages (from pydantic->google-generativeai) (0.4.2)
📦 패키지 설치 중: python-dotenv...
Requirement already satisfied: python-dotenv in /opt/homebrew/Caskroom/miniforge/base/lib/python3.13/site-packages (1.2.2)
⚠️ 경고: GEMINI_API_KEY 환경변수가 설정되지 않았습니다. .env 파일을 만들거나 환경변수를 설정해주세요.
🤖 [P-Reinforce]: 👀 '내 지식 쌓이는곳' 감시 서비스가 시작되었습니다. (5초 간격 폴링)
🤖 [P-Reinforce]: 📍 감시 폴더: /Users/seopro/테스트프로젝트/내 지식 쌓이는곳
🤖 [P-Reinforce]: 📂 '내 지식 쌓이는곳'에서 새 파일 1개 발견!
🤖 [P-Reinforce]: 🚚 파일 이동 완료: test_auto_sync.txt -> 00_Raw/2026-06-13/test_auto_sync.txt
🤖 [P-Reinforce]: 🔄 지식 구조화 엔진(P-Reinforce)을 트리거합니다...
🤖 [P-Reinforce]: 지식 강화 프로세스를 시작합니다...
🤖 [P-Reinforce]: 발견된 새 파일 개수: 2개
🤖 [P-Reinforce]: 📄 처리 중: test_auto_sync.txt
🤖 [P-Reinforce]: ❌ 지식 구조화 실행 중 에러 발생: GEMINI_API_KEY가 없습니다. API 키를 설정해주세요.
🤖 [P-Reinforce]: 📂 '내 지식 쌓이는곳'에서 새 파일 1개 발견!
🤖 [P-Reinforce]: 🚚 파일 이동 완료: test_auto_sync_2.txt -> 00_Raw/2026-06-13/test_auto_sync_2.txt
🤖 [P-Reinforce]: 🔄 지식 구조화 엔진(P-Reinforce)을 트리거합니다...
🤖 [P-Reinforce]: 지식 강화 프로세스를 시작합니다...
🤖 [P-Reinforce]: 발견된 새 파일 개수: 3개
🤖 [P-Reinforce]: 📄 처리 중: test_auto_sync_2.txt
🤖 [P-Reinforce]: ❌ 지식 구조화 실행 중 에러 발생: GEMINI_API_KEY가 없습니다. API 키를 설정해주세요.
🤖 [P-Reinforce]: 👀 '내 지식 쌓이는곳' 감시 서비스가 시작되었습니다. (5초 간격 폴링)
🤖 [P-Reinforce]: 📍 감시 폴더: /Users/seopro/테스트프로젝트/내 지식 쌓이는곳
